#-----------------------------------------------------------
# Webtalk v2018.1 (64-bit)
# SW Build 2188600 on Wed Apr  4 18:40:38 MDT 2018
# IP Build 2185939 on Wed Apr  4 20:55:05 MDT 2018
# Start of session at: Mon Nov 19 14:33:45 2018
# Process ID: 6576
# Current directory: C:/Users/FSociety/Desktop/Vivado_Projects/Projeto_PED_ULA/Projeto_PED_ULA.sim/sim_1/behav/xsim
# Command line: wbtcv.exe -mode batch -source C:/Users/FSociety/Desktop/Vivado_Projects/Projeto_PED_ULA/Projeto_PED_ULA.sim/sim_1/behav/xsim/xsim.dir/dec_decoder_behav/webtalk/xsim_webtalk.tcl -notrace
# Log file: C:/Users/FSociety/Desktop/Vivado_Projects/Projeto_PED_ULA/Projeto_PED_ULA.sim/sim_1/behav/xsim/webtalk.log
# Journal file: C:/Users/FSociety/Desktop/Vivado_Projects/Projeto_PED_ULA/Projeto_PED_ULA.sim/sim_1/behav/xsim\webtalk.jou
#-----------------------------------------------------------
source C:/Users/FSociety/Desktop/Vivado_Projects/Projeto_PED_ULA/Projeto_PED_ULA.sim/sim_1/behav/xsim/xsim.dir/dec_decoder_behav/webtalk/xsim_webtalk.tcl -notrace
